// Jest Snapshot v1, https://goo.gl/fbAQLP

exports[`Footer should render 1`] = `
<DocumentFragment>
  <footer
    class="sw-footer"
  >
    <p
      class="sw-footer__text"
    >
      Â©2023 Star Wars Demopedia
    </p>
  </footer>
</DocumentFragment>
`;
