// Jest Snapshot v1, https://goo.gl/fbAQLP

exports[`ItemsWithPagination should render with characters 1`] = `
<DocumentFragment>
  <div
    class="sw-pagination-section"
    data-testid="pagination-section"
  >
    <div
      class="sw-pagination-button sw-pagination-button--hidden"
      data-testid="left-pagination-button"
    >
      ←
    </div>
    <div
      class="sw-pagination-button "
      data-testid="right-pagination-button"
    >
      →
    </div>
  </div>
  <div
    class="sw-characters"
  >
    <div
      class="sw-characters-card"
    >
      <div
        class="sw-characters-card__tile"
      >
        <a
          class="sw-characters-card__tile__link"
          href="/character/1"
        >
          <div
            class="sw-characters-card__tile__link__image-wrapper"
          >
            <img
              alt="Star wars character"
              loading="lazy"
              src="/characters/1.jpg"
            />
          </div>
          <h5
            class="sw-characters-card__tile__link__text"
          >
            Character1
          </h5>
        </a>
      </div>
    </div>
    <div
      class="sw-characters-card"
    >
      <div
        class="sw-characters-card__tile"
      >
        <a
          class="sw-characters-card__tile__link"
          href="/character/2"
        >
          <div
            class="sw-characters-card__tile__link__image-wrapper"
          >
            <img
              alt="Star wars character"
              loading="lazy"
              src="/characters/2.jpg"
            />
          </div>
          <h5
            class="sw-characters-card__tile__link__text"
          >
            Character2
          </h5>
        </a>
      </div>
    </div>
    <div
      class="sw-characters-card"
    >
      <div
        class="sw-characters-card__tile"
      >
        <a
          class="sw-characters-card__tile__link"
          href="/character/3"
        >
          <div
            class="sw-characters-card__tile__link__image-wrapper"
          >
            <img
              alt="Star wars character"
              loading="lazy"
              src="/characters/3.jpg"
            />
          </div>
          <h5
            class="sw-characters-card__tile__link__text"
          >
            Character3
          </h5>
        </a>
      </div>
    </div>
    <div
      class="sw-characters-card"
    >
      <div
        class="sw-characters-card__tile"
      >
        <a
          class="sw-characters-card__tile__link"
          href="/character/4"
        >
          <div
            class="sw-characters-card__tile__link__image-wrapper"
          >
            <img
              alt="Star wars character"
              loading="lazy"
              src="/characters/4.jpg"
            />
          </div>
          <h5
            class="sw-characters-card__tile__link__text"
          >
            Character4
          </h5>
        </a>
      </div>
    </div>
  </div>
</DocumentFragment>
`;

exports[`ItemsWithPagination should render with locations 1`] = `
<DocumentFragment>
  <div
    class="sw-pagination-section"
    data-testid="pagination-section"
  >
    <div
      class="sw-pagination-button sw-pagination-button--hidden"
      data-testid="left-pagination-button"
    >
      ←
    </div>
    <div
      class="sw-pagination-button "
      data-testid="right-pagination-button"
    >
      →
    </div>
  </div>
  <div
    class="sw-locations"
  >
    <div
      class="sw-locations-card"
    >
      <div
        class="sw-locations-card__tile"
      >
        <a
          class="sw-locations-card__tile__link"
          href="/location/1"
        >
          <h5
            class="sw-locations-card__tile__link__text"
          >
            Location1
          </h5>
          <div
            class="sw-locations-card__tile__link__image-wrapper"
          >
            <img
              alt="Star wars planet"
              src="/locations/1.jpg"
            />
          </div>
        </a>
      </div>
    </div>
    <div
      class="sw-locations-card"
    >
      <div
        class="sw-locations-card__tile"
      >
        <a
          class="sw-locations-card__tile__link"
          href="/location/2"
        >
          <h5
            class="sw-locations-card__tile__link__text"
          >
            Location2
          </h5>
          <div
            class="sw-locations-card__tile__link__image-wrapper"
          >
            <img
              alt="Star wars planet"
              src="/locations/2.jpg"
            />
          </div>
        </a>
      </div>
    </div>
    <div
      class="sw-locations-card"
    >
      <div
        class="sw-locations-card__tile"
      >
        <a
          class="sw-locations-card__tile__link"
          href="/location/3"
        >
          <h5
            class="sw-locations-card__tile__link__text"
          >
            Location3
          </h5>
          <div
            class="sw-locations-card__tile__link__image-wrapper"
          >
            <img
              alt="Star wars planet"
              src="/locations/3.jpg"
            />
          </div>
        </a>
      </div>
    </div>
    <div
      class="sw-locations-card"
    >
      <div
        class="sw-locations-card__tile"
      >
        <a
          class="sw-locations-card__tile__link"
          href="/location/4"
        >
          <h5
            class="sw-locations-card__tile__link__text"
          >
            Location4
          </h5>
          <div
            class="sw-locations-card__tile__link__image-wrapper"
          >
            <img
              alt="Star wars planet"
              src="/locations/4.jpg"
            />
          </div>
        </a>
      </div>
    </div>
  </div>
</DocumentFragment>
`;

exports[`ItemsWithPagination should render with vehicles 1`] = `
<DocumentFragment>
  <div
    class="sw-pagination-section"
    data-testid="pagination-section"
  >
    <div
      class="sw-pagination-button sw-pagination-button--hidden"
      data-testid="left-pagination-button"
    >
      ←
    </div>
    <div
      class="sw-pagination-button "
      data-testid="right-pagination-button"
    >
      →
    </div>
  </div>
  <div
    class="sw-vehicles"
  >
    <div
      class="sw-vehicles-card"
    >
      <div
        class="sw-vehicles-card__tile"
      >
        <a
          class="sw-vehicles-card__tile__link"
          href="/vehicle/1"
        >
          <div
            class="sw-vehicles-card__tile__link__image-wrapper"
          >
            <img
              alt="Star wars vehicle"
              src="/vehicles/1.jpg"
            />
          </div>
          <h5
            class="sw-vehicles-card__tile__link__text"
          >
            Vehicle1
          </h5>
        </a>
      </div>
    </div>
    <div
      class="sw-vehicles-card"
    >
      <div
        class="sw-vehicles-card__tile"
      >
        <a
          class="sw-vehicles-card__tile__link"
          href="/vehicle/2"
        >
          <div
            class="sw-vehicles-card__tile__link__image-wrapper"
          >
            <img
              alt="Star wars vehicle"
              src="/vehicles/2.jpg"
            />
          </div>
          <h5
            class="sw-vehicles-card__tile__link__text"
          >
            Vehicle2
          </h5>
        </a>
      </div>
    </div>
    <div
      class="sw-vehicles-card"
    >
      <div
        class="sw-vehicles-card__tile"
      >
        <a
          class="sw-vehicles-card__tile__link"
          href="/vehicle/3"
        >
          <div
            class="sw-vehicles-card__tile__link__image-wrapper"
          >
            <img
              alt="Star wars vehicle"
              src="/vehicles/3.jpg"
            />
          </div>
          <h5
            class="sw-vehicles-card__tile__link__text"
          >
            Vehicle3
          </h5>
        </a>
      </div>
    </div>
    <div
      class="sw-vehicles-card"
    >
      <div
        class="sw-vehicles-card__tile"
      >
        <a
          class="sw-vehicles-card__tile__link"
          href="/vehicle/4"
        >
          <div
            class="sw-vehicles-card__tile__link__image-wrapper"
          >
            <img
              alt="Star wars vehicle"
              src="/vehicles/4.jpg"
            />
          </div>
          <h5
            class="sw-vehicles-card__tile__link__text"
          >
            Vehicle4
          </h5>
        </a>
      </div>
    </div>
  </div>
</DocumentFragment>
`;
