// Jest Snapshot v1, https://goo.gl/fbAQLP

exports[`Error component should render 1`] = `
<DocumentFragment>
  <div
    class="sw-error"
  >
    <h1>
      404 Not found
    </h1>
    <button
      class="sw-error__button"
    >
      <a
        aria-current="page"
        class="active"
        href="/"
      >
        Go home
      </a>
    </button>
  </div>
</DocumentFragment>
`;
